==============================================================================
AIAS Recovery Run (Google-only, paid tier)
Source: results_v2_20260504_132404.csv
Started: 2026-05-04T15:33:39
==============================================================================
Total rows in source: 288
Google failures to retry: 38
==============================================================================
  [  1/38] p1_functional      | google_flash         | run 4 -> OK (1 attempt, 17.6s)
  [  2/38] p1_functional      | google_flash         | run 7 -> OK (1 attempt, 15.7s)
  [  3/38] p1_functional      | google_flash         | run 8 -> OK (1 attempt, 14.6s)
  [  4/38] p2_contextual      | google_flash         | run 1 -> OK (1 attempt, 18.2s)
  [  5/38] p2_contextual      | google_flash         | run 2 -> OK (1 attempt, 21.3s)
  [  6/38] p2_contextual      | google_flash         | run 3 -> OK (1 attempt, 17.6s)
  [  7/38] p2_contextual      | google_flash         | run 8 -> OK (1 attempt, 19.7s)
  [  8/38] p3_constraint      | google_flash         | run 1 -> OK (1 attempt, 17.8s)
  [  9/38] p3_constraint      | google_flash         | run 3 -> OK (1 attempt, 18.9s)
  [ 10/38] p3_constraint      | google_flash         | run 4 -> OK (1 attempt, 17.4s)
  [ 11/38] p3_constraint      | google_flash         | run 5 -> OK (1 attempt, 19.3s)
  [ 12/38] p3_constraint      | google_flash         | run 6 -> OK (1 attempt, 19.7s)
  [ 13/38] p3_constraint      | google_flash         | run 7 -> OK (1 attempt, 19.5s)
  [ 14/38] p3_constraint      | google_flash         | run 8 -> OK (1 attempt, 15.8s)
  [ 15/38] p4_identity        | google_flash         | run 1 -> OK (1 attempt, 13.3s)
  [ 16/38] p4_identity        | google_flash         | run 2 -> OK (1 attempt, 14.4s)
  [ 17/38] p4_identity        | google_flash         | run 3 -> OK (1 attempt, 16.3s)
  [ 18/38] p4_identity        | google_flash         | run 4 -> OK (1 attempt, 17.4s)
  [ 19/38] p4_identity        | google_flash         | run 5 -> OK (1 attempt, 16.4s)
  [ 20/38] p4_identity        | google_flash         | run 6 -> OK (1 attempt, 15.1s)
  [ 21/38] p4_identity        | google_flash         | run 7 -> OK (1 attempt, 17.3s)
  [ 22/38] p4_identity        | google_flash         | run 8 -> OK (1 attempt, 18.4s)
  [ 23/38] p5_discovery       | google_flash         | run 1 -> OK (1 attempt, 20.4s)
  [ 24/38] p5_discovery       | google_flash         | run 2 -> OK (1 attempt, 20.5s)
  [ 25/38] p5_discovery       | google_flash         | run 3 -> OK (1 attempt, 23.4s)
  [ 26/38] p5_discovery       | google_flash         | run 4 -> OK (1 attempt, 19.8s)
  [ 27/38] p5_discovery       | google_flash         | run 5 -> OK (1 attempt, 17.1s)
  [ 28/38] p5_discovery       | google_flash         | run 6 -> OK (1 attempt, 24.7s)
  [ 29/38] p5_discovery       | google_flash         | run 7 -> OK (1 attempt, 19.9s)
  [ 30/38] p5_discovery       | google_flash         | run 8 -> OK (1 attempt, 21.0s)
  [ 31/38] p6_comparison      | google_flash         | run 1 -> OK (1 attempt, 22.5s)
  [ 32/38] p6_comparison      | google_flash         | run 2 -> OK (1 attempt, 23.0s)
  [ 33/38] p6_comparison      | google_flash         | run 3 -> OK (1 attempt, 19.1s)
  [ 34/38] p6_comparison      | google_flash         | run 4 -> OK (1 attempt, 21.7s)
  [ 35/38] p6_comparison      | google_flash         | run 5 -> OK (1 attempt, 22.2s)
  [ 36/38] p6_comparison      | google_flash         | run 6 -> OK (1 attempt, 20.8s)
  [ 37/38] p6_comparison      | google_flash         | run 7 -> OK (1 attempt, 21.8s)
  [ 38/38] p6_comparison      | google_flash         | run 8 -> OK (1 attempt, 23.2s)

==============================================================================
Recovery complete. Saved 38 rows to results_v2_20260504_132404_rerun_google.csv
  ok:                 38
  rate_limit_final:   0
  transient_final:    0
  hard_error:         0
==============================================================================
