[charts] loading data from analyze_v09...
/Users/pablou/aias/reports/build_charts_v09_rebaseline.py:211: UserWarning: Glyph 8321 (\N{SUBSCRIPT ONE}) missing from font(s) Akkurat Pro.
  fig.tight_layout()
/Users/pablou/aias/reports/build_charts_v09_rebaseline.py:211: UserWarning: Glyph 8322 (\N{SUBSCRIPT TWO}) missing from font(s) Akkurat Pro.
  fig.tight_layout()
/Users/pablou/aias/reports/build_charts_v09_rebaseline.py:139: UserWarning: Glyph 8321 (\N{SUBSCRIPT ONE}) missing from font(s) Akkurat Pro.
  fig.savefig(out, bbox_inches=None, pad_inches=0.0, dpi=300)
/Users/pablou/aias/reports/build_charts_v09_rebaseline.py:139: UserWarning: Glyph 8322 (\N{SUBSCRIPT TWO}) missing from font(s) Akkurat Pro.
  fig.savefig(out, bbox_inches=None, pad_inches=0.0, dpi=300)
  wrote /Users/pablou/aias/reports/output/chart_v09_h1_drift_scatter_6col.pdf
/Users/pablou/aias/reports/build_charts_v09_rebaseline.py:263: UserWarning: This figure includes Axes that are not compatible with tight_layout, so results might be incorrect.
  fig.tight_layout(rect=[0, 0, 1, 0.965])
/Users/pablou/aias/reports/build_charts_v09_rebaseline.py:139: UserWarning: Glyph 8321 (\N{SUBSCRIPT ONE}) missing from font(s) Akkurat Pro.
  fig.savefig(out, bbox_inches=None, pad_inches=0.0, dpi=300)
/Users/pablou/aias/reports/build_charts_v09_rebaseline.py:139: UserWarning: Glyph 8322 (\N{SUBSCRIPT TWO}) missing from font(s) Akkurat Pro.
  fig.savefig(out, bbox_inches=None, pad_inches=0.0, dpi=300)
  wrote /Users/pablou/aias/reports/output/chart_v09_h2_leaderboard_6col.pdf
/Users/pablou/aias/reports/build_charts_v09_rebaseline.py:302: UserWarning: Glyph 8321 (\N{SUBSCRIPT ONE}) missing from font(s) Akkurat Pro.
  fig.tight_layout()
/Users/pablou/aias/reports/build_charts_v09_rebaseline.py:302: UserWarning: Glyph 8322 (\N{SUBSCRIPT TWO}) missing from font(s) Akkurat Pro.
  fig.tight_layout()
/Users/pablou/aias/reports/build_charts_v09_rebaseline.py:139: UserWarning: Glyph 8321 (\N{SUBSCRIPT ONE}) missing from font(s) Akkurat Pro.
  fig.savefig(out, bbox_inches=None, pad_inches=0.0, dpi=300)
/Users/pablou/aias/reports/build_charts_v09_rebaseline.py:139: UserWarning: Glyph 8322 (\N{SUBSCRIPT TWO}) missing from font(s) Akkurat Pro.
  fig.savefig(out, bbox_inches=None, pad_inches=0.0, dpi=300)
  wrote /Users/pablou/aias/reports/output/chart_v09_h4_mint_persistence_4col.pdf
/Users/pablou/aias/reports/build_charts_v09_rebaseline.py:358: UserWarning: Glyph 10003 (\N{CHECK MARK}) missing from font(s) Akkurat Pro.
  fig.tight_layout()
/Users/pablou/aias/reports/build_charts_v09_rebaseline.py:358: UserWarning: Glyph 10007 (\N{BALLOT X}) missing from font(s) Akkurat Pro.
  fig.tight_layout()
/Users/pablou/aias/reports/build_charts_v09_rebaseline.py:139: UserWarning: Glyph 10003 (\N{CHECK MARK}) missing from font(s) Akkurat Pro.
  fig.savefig(out, bbox_inches=None, pad_inches=0.0, dpi=300)
/Users/pablou/aias/reports/build_charts_v09_rebaseline.py:139: UserWarning: Glyph 10007 (\N{BALLOT X}) missing from font(s) Akkurat Pro.
  fig.savefig(out, bbox_inches=None, pad_inches=0.0, dpi=300)
  wrote /Users/pablou/aias/reports/output/chart_v09_h5_pattern4_sensitivity_6col.pdf
/Users/pablou/aias/reports/build_charts_v09_rebaseline.py:402: UserWarning: Glyph 8321 (\N{SUBSCRIPT ONE}) missing from font(s) Akkurat Pro.
  fig.tight_layout()
/Users/pablou/aias/reports/build_charts_v09_rebaseline.py:402: UserWarning: Glyph 8322 (\N{SUBSCRIPT TWO}) missing from font(s) Akkurat Pro.
  fig.tight_layout()
/Users/pablou/aias/reports/build_charts_v09_rebaseline.py:139: UserWarning: Glyph 8321 (\N{SUBSCRIPT ONE}) missing from font(s) Akkurat Pro.
  fig.savefig(out, bbox_inches=None, pad_inches=0.0, dpi=300)
/Users/pablou/aias/reports/build_charts_v09_rebaseline.py:139: UserWarning: Glyph 8322 (\N{SUBSCRIPT TWO}) missing from font(s) Akkurat Pro.
  fig.savefig(out, bbox_inches=None, pad_inches=0.0, dpi=300)
  wrote /Users/pablou/aias/reports/output/chart_v09_h6_cross_model_spread_6col.pdf
/Users/pablou/aias/reports/build_charts_v09_rebaseline.py:468: UserWarning: Glyph 961 (\N{GREEK SMALL LETTER RHO}) missing from font(s) Akkurat Pro.
  fig.tight_layout()
/Users/pablou/aias/reports/build_charts_v09_rebaseline.py:468: UserWarning: Glyph 8321 (\N{SUBSCRIPT ONE}) missing from font(s) Akkurat Pro.
  fig.tight_layout()
/Users/pablou/aias/reports/build_charts_v09_rebaseline.py:468: UserWarning: Glyph 8322 (\N{SUBSCRIPT TWO}) missing from font(s) Akkurat Pro.
  fig.tight_layout()
/Users/pablou/aias/reports/build_charts_v09_rebaseline.py:139: UserWarning: Glyph 961 (\N{GREEK SMALL LETTER RHO}) missing from font(s) Akkurat Pro.
  fig.savefig(out, bbox_inches=None, pad_inches=0.0, dpi=300)
/Users/pablou/aias/reports/build_charts_v09_rebaseline.py:139: UserWarning: Glyph 8321 (\N{SUBSCRIPT ONE}) missing from font(s) Akkurat Pro.
  fig.savefig(out, bbox_inches=None, pad_inches=0.0, dpi=300)
/Users/pablou/aias/reports/build_charts_v09_rebaseline.py:139: UserWarning: Glyph 8322 (\N{SUBSCRIPT TWO}) missing from font(s) Akkurat Pro.
  fig.savefig(out, bbox_inches=None, pad_inches=0.0, dpi=300)
  wrote /Users/pablou/aias/reports/output/chart_v09_pattern1_spread_6col.pdf
[charts] done. 6 PDFs in /Users/pablou/aias/reports/output
